// Jest Snapshot v1, https://goo.gl/fbAQLP

exports[`generate-report generates an empty report when there are no team members 1`] = `
"<!DOCTYPE html>
<html lang=\\"en\\">
  <head>
    <meta charset=\\"UTF-8\\" />
    <meta name=\\"viewport\\" content=\\"width=device-width, initial-scale=1.0\\" />
    <meta http-equiv=\\"X-UA-Compatible\\" content=\\"ie=edge\\" />
    <link
      rel=\\"stylesheet\\"
      href=\\"https://cdnjs.cloudflare.com/ajax/libs/font-awesome/4.7.0/css/font-awesome.min.css\\"
    />
    <link
      rel=\\"stylesheet\\"
      href=\\"https://cdn.jsdelivr.net/npm/bulma@0.9.2/css/bulma.min.css\\"
    />
    <link rel=\\"stylesheet\\" type=\\"text/css\\" href=\\"../src/css/style.css\\" />
    <title>My Teams Report</title>
  </head>
  <body>
    <header class=\\"content is-medium has-text-centered has-background-primary\\">
      <h1>My Team</h1>
    </header>
    <div class=\\"container\\">
      <div class=\\"columns is-6 card-columns\\"></div>
    </div>
  </body>
</html>
"
`;
